<?xml version="1.0" encoding="UTF-8" ?>
<testsuites name="vitest tests" tests="61" failures="0" errors="0" time="22.313741">
    <testsuite name="src/components/__tests__/Navigation.test.jsx" timestamp="2026-01-11T23:32:28.051Z" hostname="DESKTOP-G3INEM7" tests="2" failures="0" errors="0" skipped="0" time="0.4081275">
        <testcase classname="src/components/__tests__/Navigation.test.jsx" name="Navigation Component &gt; renders navigation links" time="0.3479511">
        </testcase>
        <testcase classname="src/components/__tests__/Navigation.test.jsx" name="Navigation Component &gt; displays user name when logged in" time="0.0520899">
        </testcase>
    </testsuite>
    <testsuite name="src/components/__tests__/ProtectedRoute.test.jsx" timestamp="2026-01-11T23:32:28.054Z" hostname="DESKTOP-G3INEM7" tests="2" failures="0" errors="0" skipped="0" time="0.1990789">
        <testcase classname="src/components/__tests__/ProtectedRoute.test.jsx" name="ProtectedRoute &gt; renders children when user is authenticated" time="0.1658967">
        </testcase>
        <testcase classname="src/components/__tests__/ProtectedRoute.test.jsx" name="ProtectedRoute &gt; redirects to login when user is not authenticated" time="0.0259677">
        </testcase>
    </testsuite>
    <testsuite name="src/context/__tests__/AuthContext.test.jsx" timestamp="2026-01-11T23:32:28.055Z" hostname="DESKTOP-G3INEM7" tests="6" failures="0" errors="0" skipped="0" time="0.2830538">
        <testcase classname="src/context/__tests__/AuthContext.test.jsx" name="AuthContext &gt; initializes with no user when localStorage is empty" time="0.124367">
        </testcase>
        <testcase classname="src/context/__tests__/AuthContext.test.jsx" name="AuthContext &gt; initializes with user from localStorage" time="0.0272735">
        </testcase>
        <testcase classname="src/context/__tests__/AuthContext.test.jsx" name="AuthContext &gt; registers a new user successfully" time="0.055628">
            <system-out>
API Request: http://localhost:3000/api/auth/register { name: [32m&apos;New User&apos;[39m, email: [32m&apos;new@example.com&apos;[39m, password: [32m&apos;password123&apos;[39m }

            </system-out>
        </testcase>
        <testcase classname="src/context/__tests__/AuthContext.test.jsx" name="AuthContext &gt; logs in a user successfully" time="0.0256796">
            <system-out>
API Request: http://localhost:3000/api/auth/login { email: [32m&apos;test@example.com&apos;[39m, password: [32m&apos;password123&apos;[39m }

            </system-out>
        </testcase>
        <testcase classname="src/context/__tests__/AuthContext.test.jsx" name="AuthContext &gt; handles login error" time="0.0252385">
            <system-out>
API Request: http://localhost:3000/api/auth/login { email: [32m&apos;test@example.com&apos;[39m, password: [32m&apos;wrong&apos;[39m }

            </system-out>
        </testcase>
        <testcase classname="src/context/__tests__/AuthContext.test.jsx" name="AuthContext &gt; logs out a user" time="0.0151028">
        </testcase>
    </testsuite>
    <testsuite name="src/pages/__tests__/Accessibility.test.jsx" timestamp="2026-01-11T23:32:28.062Z" hostname="DESKTOP-G3INEM7" tests="6" failures="0" errors="0" skipped="0" time="0.6121805">
        <testcase classname="src/pages/__tests__/Accessibility.test.jsx" name="Accessibility Tests &gt; Login page should have proper form labels" time="0.2609045">
        </testcase>
        <testcase classname="src/pages/__tests__/Accessibility.test.jsx" name="Accessibility Tests &gt; Register page should have proper form labels" time="0.0359185">
        </testcase>
        <testcase classname="src/pages/__tests__/Accessibility.test.jsx" name="Accessibility Tests &gt; Dashboard should have accessible headings" time="0.1519199">
        </testcase>
        <testcase classname="src/pages/__tests__/Accessibility.test.jsx" name="Accessibility Tests &gt; BMI Calculator should have accessible form elements" time="0.0994861">
        </testcase>
        <testcase classname="src/pages/__tests__/Accessibility.test.jsx" name="Accessibility Tests &gt; forms should have proper labels" time="0.0259788">
        </testcase>
        <testcase classname="src/pages/__tests__/Accessibility.test.jsx" name="Accessibility Tests &gt; buttons should be accessible" time="0.0296647">
        </testcase>
    </testsuite>
    <testsuite name="src/pages/__tests__/BmiCalculator.test.jsx" timestamp="2026-01-11T23:32:28.069Z" hostname="DESKTOP-G3INEM7" tests="5" failures="0" errors="0" skipped="0" time="4.0283104">
        <testcase classname="src/pages/__tests__/BmiCalculator.test.jsx" name="BmiCalculator &gt; renders BMI calculator form" time="0.4663247">
        </testcase>
        <testcase classname="src/pages/__tests__/BmiCalculator.test.jsx" name="BmiCalculator &gt; pre-fills form with user data" time="0.1678262">
        </testcase>
        <testcase classname="src/pages/__tests__/BmiCalculator.test.jsx" name="BmiCalculator &gt; calculates and displays BMI result" time="1.9438592">
        </testcase>
        <testcase classname="src/pages/__tests__/BmiCalculator.test.jsx" name="BmiCalculator &gt; displays error message on API failure" time="1.339335">
        </testcase>
        <testcase classname="src/pages/__tests__/BmiCalculator.test.jsx" name="BmiCalculator &gt; validates required fields" time="0.0949214">
        </testcase>
    </testsuite>
    <testsuite name="src/pages/__tests__/Dashboard.test.jsx" timestamp="2026-01-11T23:32:28.071Z" hostname="DESKTOP-G3INEM7" tests="5" failures="0" errors="0" skipped="0" time="1.7002664">
        <testcase classname="src/pages/__tests__/Dashboard.test.jsx" name="Dashboard &gt; renders dashboard with loading state" time="0.4137097">
        </testcase>
        <testcase classname="src/pages/__tests__/Dashboard.test.jsx" name="Dashboard &gt; displays user welcome message" time="0.6300054">
        </testcase>
        <testcase classname="src/pages/__tests__/Dashboard.test.jsx" name="Dashboard &gt; displays statistics cards" time="0.2508751">
        </testcase>
        <testcase classname="src/pages/__tests__/Dashboard.test.jsx" name="Dashboard &gt; displays action cards" time="0.2028285">
        </testcase>
        <testcase classname="src/pages/__tests__/Dashboard.test.jsx" name="Dashboard &gt; handles API errors gracefully" time="0.1851356">
            <system-err>
Fehler beim Laden der Dashboard-Daten: Error: Network error
    at C:/Users/Worms/Desktop/meinApp/bmi_app/frontend/src/pages/__tests__/Dashboard.test.jsx:135:40
    at [90mfile:///C:/Users/Worms/Desktop/meinApp/bmi_app/frontend/[39mnode_modules/[4m@vitest/runner[24m/dist/index.js:145:11
    at [90mfile:///C:/Users/Worms/Desktop/meinApp/bmi_app/frontend/[39mnode_modules/[4m@vitest/runner[24m/dist/index.js:919:26
    at [90mfile:///C:/Users/Worms/Desktop/meinApp/bmi_app/frontend/[39mnode_modules/[4m@vitest/runner[24m/dist/index.js:1244:20
    at new Promise (&lt;anonymous&gt;)
    at runWithTimeout [90m(file:///C:/Users/Worms/Desktop/meinApp/bmi_app/frontend/[39mnode_modules/[4m@vitest/runner[24m/dist/index.js:1210:10[90m)[39m
    at [90mfile:///C:/Users/Worms/Desktop/meinApp/bmi_app/frontend/[39mnode_modules/[4m@vitest/runner[24m/dist/index.js:1654:37
    at Traces.$ [90m(file:///C:/Users/Worms/Desktop/meinApp/bmi_app/frontend/[39mnode_modules/[4mvitest[24m/dist/chunks/traces.U4xDYhzZ.js:115:27[90m)[39m
    at trace [90m(file:///C:/Users/Worms/Desktop/meinApp/bmi_app/frontend/[39mnode_modules/[4mvitest[24m/dist/chunks/test.DqQZzsWf.js:234:21[90m)[39m
    at runTest [90m(file:///C:/Users/Worms/Desktop/meinApp/bmi_app/frontend/[39mnode_modules/[4m@vitest/runner[24m/dist/index.js:1654:12[90m)[39m

            </system-err>
        </testcase>
    </testsuite>
    <testsuite name="src/pages/__tests__/Login.test.jsx" timestamp="2026-01-11T23:32:28.074Z" hostname="DESKTOP-G3INEM7" tests="4" failures="0" errors="0" skipped="0" time="2.3987938">
        <testcase classname="src/pages/__tests__/Login.test.jsx" name="LoginPage &gt; renders login form" time="0.8164625">
        </testcase>
        <testcase classname="src/pages/__tests__/Login.test.jsx" name="LoginPage &gt; shows link to registration page" time="0.0768681">
        </testcase>
        <testcase classname="src/pages/__tests__/Login.test.jsx" name="LoginPage &gt; submits login form with valid credentials" time="0.9096125">
            <system-out>
API Request: http://localhost:3000/api/auth/login { email: [32m&apos;test@example.com&apos;[39m, password: [32m&apos;password123&apos;[39m }

            </system-out>
        </testcase>
        <testcase classname="src/pages/__tests__/Login.test.jsx" name="LoginPage &gt; displays error message on login failure" time="0.5822277">
            <system-out>
API Request: http://localhost:3000/api/auth/login { email: [32m&apos;test@example.com&apos;[39m, password: [32m&apos;wrong&apos;[39m }

            </system-out>
            <system-err>
Login failed: Error: Ungültige Zugangsdaten.
    at C:/Users/Worms/Desktop/meinApp/bmi_app/frontend/src/context/AuthContext.jsx:52:15
    at C:/Users/Worms/Desktop/meinApp/bmi_app/frontend/src/context/AuthContext.jsx:70:20
    at handleSubmit (C:/Users/Worms/Desktop/meinApp/bmi_app/frontend/src/pages/Login.jsx:25:7)

            </system-err>
        </testcase>
    </testsuite>
    <testsuite name="src/pages/__tests__/Profile.test.jsx" timestamp="2026-01-11T23:32:28.084Z" hostname="DESKTOP-G3INEM7" tests="5" failures="0" errors="0" skipped="0" time="4.1026173">
        <testcase classname="src/pages/__tests__/Profile.test.jsx" name="Profile &gt; renders profile form" time="1.0462309">
        </testcase>
        <testcase classname="src/pages/__tests__/Profile.test.jsx" name="Profile &gt; loads and displays user profile data" time="0.1401641">
        </testcase>
        <testcase classname="src/pages/__tests__/Profile.test.jsx" name="Profile &gt; updates profile successfully" time="2.4157053">
            <system-out>
Saving profile: {
  name: [32m&apos;Updated Name&apos;[39m,
  email: [32m&apos;test@example.com&apos;[39m,
  gender: [1mnull[22m,
  birthDate: [1mnull[22m,
  height: [1mnull[22m
}

Profile update response status: [90mundefined[39m

Profile updated successfully: {
  user: {
    id: [33m1[39m,
    name: [32m&apos;Updated Name&apos;[39m,
    email: [32m&apos;updated@example.com&apos;[39m,
    gender: [32m&apos;weiblich&apos;[39m,
    height: [33m175[39m
  },
  message: [32m&apos;Profil erfolgreich aktualisiert.&apos;[39m
}

            </system-out>
            <system-err>
Fehler beim Laden des Profils: TypeError: Cannot read properties of undefined (reading &apos;ok&apos;)
    at fetchProfile (C:/Users/Worms/Desktop/meinApp/bmi_app/frontend/src/pages/Profile.jsx:32:20)
    at handleSubmit (C:/Users/Worms/Desktop/meinApp/bmi_app/frontend/src/pages/Profile.jsx:93:7)

            </system-err>
        </testcase>
        <testcase classname="src/pages/__tests__/Profile.test.jsx" name="Profile &gt; validates required fields" time="0.0949324">
        </testcase>
        <testcase classname="src/pages/__tests__/Profile.test.jsx" name="Profile &gt; displays error message on update failure" time="0.3981338">
            <system-out>
Saving profile: {
  name: [32m&apos;Test User&apos;[39m,
  email: [32m&apos;test@example.com&apos;[39m,
  gender: [1mnull[22m,
  birthDate: [1mnull[22m,
  height: [1mnull[22m
}

Profile update response status: [90mundefined[39m

            </system-out>
            <system-err>
Profile update error: { error: [32m&apos;Fehler beim Aktualisieren&apos;[39m }
Error updating profile: Error: Fehler beim Aktualisieren
    at handleSubmit (C:/Users/Worms/Desktop/meinApp/bmi_app/frontend/src/pages/Profile.jsx:83:15)

            </system-err>
        </testcase>
    </testsuite>
    <testsuite name="src/pages/__tests__/Programs.test.jsx" timestamp="2026-01-11T23:32:28.089Z" hostname="DESKTOP-G3INEM7" tests="14" failures="0" errors="0" skipped="0" time="5.1362934">
        <testcase classname="src/pages/__tests__/Programs.test.jsx" name="Programs &gt; renders loading state" time="0.3448439">
        </testcase>
        <testcase classname="src/pages/__tests__/Programs.test.jsx" name="Programs &gt; displays programs for normal weight BMI" time="0.3827607">
        </testcase>
        <testcase classname="src/pages/__tests__/Programs.test.jsx" name="Programs &gt; displays programs for overweight BMI" time="0.1971943">
        </testcase>
        <testcase classname="src/pages/__tests__/Programs.test.jsx" name="Programs &gt; displays programs for underweight BMI" time="0.1921034">
        </testcase>
        <testcase classname="src/pages/__tests__/Programs.test.jsx" name="Programs &gt; displays empty state when no BMI data" time="0.2208738">
        </testcase>
        <testcase classname="src/pages/__tests__/Programs.test.jsx" name="Programs &gt; expands program details when clicked" time="1.610616">
        </testcase>
        <testcase classname="src/pages/__tests__/Programs.test.jsx" name="Programs &gt; displays important notes" time="0.1660196">
        </testcase>
        <testcase classname="src/pages/__tests__/Programs.test.jsx" name="Programs &gt; displays programs for obesity BMI" time="0.1781718">
        </testcase>
        <testcase classname="src/pages/__tests__/Programs.test.jsx" name="Programs &gt; handles fetch error gracefully" time="0.1596961">
            <system-err>
Fehler beim Laden des BMI: Error: Network error
    at C:/Users/Worms/Desktop/meinApp/bmi_app/frontend/src/pages/__tests__/Programs.test.jsx:166:40
    at [90mfile:///C:/Users/Worms/Desktop/meinApp/bmi_app/frontend/[39mnode_modules/[4m@vitest/runner[24m/dist/index.js:145:11
    at [90mfile:///C:/Users/Worms/Desktop/meinApp/bmi_app/frontend/[39mnode_modules/[4m@vitest/runner[24m/dist/index.js:919:26
    at [90mfile:///C:/Users/Worms/Desktop/meinApp/bmi_app/frontend/[39mnode_modules/[4m@vitest/runner[24m/dist/index.js:1244:20
    at new Promise (&lt;anonymous&gt;)
    at runWithTimeout [90m(file:///C:/Users/Worms/Desktop/meinApp/bmi_app/frontend/[39mnode_modules/[4m@vitest/runner[24m/dist/index.js:1210:10[90m)[39m
    at [90mfile:///C:/Users/Worms/Desktop/meinApp/bmi_app/frontend/[39mnode_modules/[4m@vitest/runner[24m/dist/index.js:1654:37
    at Traces.$ [90m(file:///C:/Users/Worms/Desktop/meinApp/bmi_app/frontend/[39mnode_modules/[4mvitest[24m/dist/chunks/traces.U4xDYhzZ.js:115:27[90m)[39m
    at trace [90m(file:///C:/Users/Worms/Desktop/meinApp/bmi_app/frontend/[39mnode_modules/[4mvitest[24m/dist/chunks/test.DqQZzsWf.js:234:21[90m)[39m
    at runTest [90m(file:///C:/Users/Worms/Desktop/meinApp/bmi_app/frontend/[39mnode_modules/[4m@vitest/runner[24m/dist/index.js:1654:12[90m)[39m

            </system-err>
        </testcase>
        <testcase classname="src/pages/__tests__/Programs.test.jsx" name="Programs &gt; handles response not ok in fetchCurrentBMI" time="0.1380217">
        </testcase>
        <testcase classname="src/pages/__tests__/Programs.test.jsx" name="Programs &gt; successfully starts a program" time="0.5289376">
            <system-out>
Starting program: {
  id: [33m3[39m,
  type: [32m&apos;Fitness&apos;[39m,
  title: [32m&apos;Erhaltungs-Programm&apos;[39m,
  description: [32m&apos;Gesundes Gewicht halten und Fitness verbessern&apos;[39m,
  duration: [32m&apos;Dauerhaft&apos;[39m,
  difficulty: [32m&apos;Alle Level&apos;[39m,
  exercises: [
    [32m&apos;Ausgewogene Ernährung beibehalten&apos;[39m,
    [32m&apos;Kardio: 150 Minuten pro Woche&apos;[39m,
    [32m&apos;Krafttraining: 2x pro Woche&apos;[39m,
    [32m&apos;Flexibilitätstraining&apos;[39m
  ]
}
Sending request to: http://localhost:3000/api/programs/start
Payload: {
  programType: [32m&apos;Fitness&apos;[39m,
  programName: [32m&apos;Erhaltungs-Programm&apos;[39m,
  description: [32m&apos;Gesundes Gewicht halten und Fitness verbessern&apos;[39m,
  duration: [32m&apos;Dauerhaft&apos;[39m
}

Response status: [90mundefined[39m
Response ok: [33mtrue[39m

Success data: {
  id: [33m1[39m,
  message: [32m&apos;Programm erfolgreich gestartet!&apos;[39m,
  program: { id: [33m1[39m, programType: [32m&apos;Fitness&apos;[39m, programName: [32m&apos;Erhaltungs-Programm&apos;[39m }
}

            </system-out>
        </testcase>
        <testcase classname="src/pages/__tests__/Programs.test.jsx" name="Programs &gt; handles program start error" time="0.5078732">
            <system-out>
Starting program: {
  id: [33m3[39m,
  type: [32m&apos;Fitness&apos;[39m,
  title: [32m&apos;Erhaltungs-Programm&apos;[39m,
  description: [32m&apos;Gesundes Gewicht halten und Fitness verbessern&apos;[39m,
  duration: [32m&apos;Dauerhaft&apos;[39m,
  difficulty: [32m&apos;Alle Level&apos;[39m,
  exercises: [
    [32m&apos;Ausgewogene Ernährung beibehalten&apos;[39m,
    [32m&apos;Kardio: 150 Minuten pro Woche&apos;[39m,
    [32m&apos;Krafttraining: 2x pro Woche&apos;[39m,
    [32m&apos;Flexibilitätstraining&apos;[39m
  ]
}
Sending request to: http://localhost:3000/api/programs/start
Payload: {
  programType: [32m&apos;Fitness&apos;[39m,
  programName: [32m&apos;Erhaltungs-Programm&apos;[39m,
  description: [32m&apos;Gesundes Gewicht halten und Fitness verbessern&apos;[39m,
  duration: [32m&apos;Dauerhaft&apos;[39m
}

Response status: [33m500[39m
Response ok: [33mfalse[39m

            </system-out>
            <system-err>
Error response: { error: [32m&apos;Server error&apos;[39m }

            </system-err>
        </testcase>
        <testcase classname="src/pages/__tests__/Programs.test.jsx" name="Programs &gt; handles program start network error" time="0.3861711">
            <system-out>
Starting program: {
  id: [33m3[39m,
  type: [32m&apos;Fitness&apos;[39m,
  title: [32m&apos;Erhaltungs-Programm&apos;[39m,
  description: [32m&apos;Gesundes Gewicht halten und Fitness verbessern&apos;[39m,
  duration: [32m&apos;Dauerhaft&apos;[39m,
  difficulty: [32m&apos;Alle Level&apos;[39m,
  exercises: [
    [32m&apos;Ausgewogene Ernährung beibehalten&apos;[39m,
    [32m&apos;Kardio: 150 Minuten pro Woche&apos;[39m,
    [32m&apos;Krafttraining: 2x pro Woche&apos;[39m,
    [32m&apos;Flexibilitätstraining&apos;[39m
  ]
}
Sending request to: http://localhost:3000/api/programs/start
Payload: {
  programType: [32m&apos;Fitness&apos;[39m,
  programName: [32m&apos;Erhaltungs-Programm&apos;[39m,
  description: [32m&apos;Gesundes Gewicht halten und Fitness verbessern&apos;[39m,
  duration: [32m&apos;Dauerhaft&apos;[39m
}

            </system-out>
            <system-err>
Fehler beim Starten des Programms: Error: Network error
    at C:/Users/Worms/Desktop/meinApp/bmi_app/frontend/src/pages/__tests__/Programs.test.jsx:291:30
    at [90mfile:///C:/Users/Worms/Desktop/meinApp/bmi_app/frontend/[39mnode_modules/[4m@vitest/runner[24m/dist/index.js:145:11
    at [90mfile:///C:/Users/Worms/Desktop/meinApp/bmi_app/frontend/[39mnode_modules/[4m@vitest/runner[24m/dist/index.js:919:26
    at [90mfile:///C:/Users/Worms/Desktop/meinApp/bmi_app/frontend/[39mnode_modules/[4m@vitest/runner[24m/dist/index.js:1244:20
    at new Promise (&lt;anonymous&gt;)
    at runWithTimeout [90m(file:///C:/Users/Worms/Desktop/meinApp/bmi_app/frontend/[39mnode_modules/[4m@vitest/runner[24m/dist/index.js:1210:10[90m)[39m
    at [90mfile:///C:/Users/Worms/Desktop/meinApp/bmi_app/frontend/[39mnode_modules/[4m@vitest/runner[24m/dist/index.js:1654:37
    at Traces.$ [90m(file:///C:/Users/Worms/Desktop/meinApp/bmi_app/frontend/[39mnode_modules/[4mvitest[24m/dist/chunks/traces.U4xDYhzZ.js:115:27[90m)[39m
    at trace [90m(file:///C:/Users/Worms/Desktop/meinApp/bmi_app/frontend/[39mnode_modules/[4mvitest[24m/dist/chunks/test.DqQZzsWf.js:234:21[90m)[39m
    at runTest [90m(file:///C:/Users/Worms/Desktop/meinApp/bmi_app/frontend/[39mnode_modules/[4m@vitest/runner[24m/dist/index.js:1654:12[90m)[39m

            </system-err>
        </testcase>
        <testcase classname="src/pages/__tests__/Programs.test.jsx" name="Programs &gt; displays workout video section" time="0.1064685">
        </testcase>
    </testsuite>
    <testsuite name="src/pages/__tests__/Register.test.jsx" timestamp="2026-01-11T23:32:28.106Z" hostname="DESKTOP-G3INEM7" tests="4" failures="0" errors="0" skipped="0" time="2.0220711">
        <testcase classname="src/pages/__tests__/Register.test.jsx" name="RegisterPage &gt; renders registration form" time="0.7189116">
        </testcase>
        <testcase classname="src/pages/__tests__/Register.test.jsx" name="RegisterPage &gt; shows link to login page" time="0.0694737">
        </testcase>
        <testcase classname="src/pages/__tests__/Register.test.jsx" name="RegisterPage &gt; submits registration form with valid data" time="1.0466709">
            <system-out>
API Request: http://localhost:3000/api/auth/register { name: [32m&apos;New User&apos;[39m, email: [32m&apos;new@example.com&apos;[39m, password: [32m&apos;password123&apos;[39m }

            </system-out>
        </testcase>
        <testcase classname="src/pages/__tests__/Register.test.jsx" name="RegisterPage &gt; validates password minimum length" time="0.1665645">
        </testcase>
    </testsuite>
    <testsuite name="src/pages/__tests__/Statistics.test.jsx" timestamp="2026-01-11T23:32:28.111Z" hostname="DESKTOP-G3INEM7" tests="8" failures="0" errors="0" skipped="0" time="1.4229479">
        <testcase classname="src/pages/__tests__/Statistics.test.jsx" name="Statistics &gt; renders loading state" time="0.2543647">
            <system-out>
Fetching statistics... http://localhost:3000/api

            </system-out>
        </testcase>
        <testcase classname="src/pages/__tests__/Statistics.test.jsx" name="Statistics &gt; displays statistics with data" time="0.3347189">
            <system-out>
Fetching statistics... http://localhost:3000/api

Records response: [90mundefined[39m [33mtrue[39m
Stats response: [90mundefined[39m [33mtrue[39m

Records data: [
  {
    id: [33m1[39m,
    weight: [33m75[39m,
    height: [33m180[39m,
    bmi: [33m23.15[39m,
    status: [32m&apos;Normalgewicht&apos;[39m,
    created_at: [32m&apos;2026-01-11T23:32:19.796Z&apos;[39m
  },
  {
    id: [33m2[39m,
    weight: [33m80[39m,
    height: [33m180[39m,
    bmi: [33m24.69[39m,
    status: [32m&apos;Normalgewicht&apos;[39m,
    created_at: [32m&apos;2026-01-11T23:32:19.797Z&apos;[39m
  }
]
Stats data: {
  totalRecords: [33m2[39m,
  averageBMI: [33m23.92[39m,
  latestBMI: [33m23.15[39m,
  latestWeight: [33m75[39m,
  weightChange: [33m5[39m
}

            </system-out>
        </testcase>
        <testcase classname="src/pages/__tests__/Statistics.test.jsx" name="Statistics &gt; displays empty state when no data" time="0.1361745">
            <system-out>
Fetching statistics... http://localhost:3000/api

Records response: [90mundefined[39m [33mtrue[39m
Stats response: [90mundefined[39m [33mtrue[39m

Records data: []
Stats data: {
  totalRecords: [33m0[39m,
  averageBMI: [1mnull[22m,
  latestBMI: [1mnull[22m,
  latestWeight: [1mnull[22m,
  weightChange: [1mnull[22m
}

            </system-out>
        </testcase>
        <testcase classname="src/pages/__tests__/Statistics.test.jsx" name="Statistics &gt; displays error message on API failure" time="0.1070114">
            <system-out>
Fetching statistics... http://localhost:3000/api

Records response: [33m500[39m [33mfalse[39m
Stats response: [90mundefined[39m [33mtrue[39m

            </system-out>
            <system-err>
Error fetching records: Server error
Fehler beim Laden der Statistiken: Error: Fehler beim Laden der Historie: 500
    at fetchStatistics (C:/Users/Worms/Desktop/meinApp/bmi_app/frontend/src/pages/Statistics.jsx:48:15)

            </system-err>
        </testcase>
        <testcase classname="src/pages/__tests__/Statistics.test.jsx" name="Statistics &gt; displays records table when data exists" time="0.1171428">
            <system-out>
Fetching statistics... http://localhost:3000/api

Records response: [90mundefined[39m [33mtrue[39m
Stats response: [90mundefined[39m [33mtrue[39m

Records data: [
  {
    id: [33m1[39m,
    weight: [33m75[39m,
    height: [33m180[39m,
    bmi: [33m23.15[39m,
    status: [32m&apos;Normalgewicht&apos;[39m,
    created_at: [32m&apos;2026-01-11T23:32:20.374Z&apos;[39m
  }
]
Stats data: {
  totalRecords: [33m1[39m,
  averageBMI: [33m23.15[39m,
  latestBMI: [33m23.15[39m,
  latestWeight: [33m75[39m
}

            </system-out>
        </testcase>
        <testcase classname="src/pages/__tests__/Statistics.test.jsx" name="Statistics &gt; handles missing token" time="0.0586842">
        </testcase>
        <testcase classname="src/pages/__tests__/Statistics.test.jsx" name="Statistics &gt; handles stats API error" time="0.1245276">
            <system-out>
Fetching statistics... http://localhost:3000/api

Records response: [90mundefined[39m [33mtrue[39m
Stats response: [33m500[39m [33mfalse[39m

            </system-out>
            <system-err>
Error fetching stats: Stats error
Fehler beim Laden der Statistiken: Error: Fehler beim Laden der Statistiken: 500
    at fetchStatistics (C:/Users/Worms/Desktop/meinApp/bmi_app/frontend/src/pages/Statistics.jsx:54:15)

            </system-err>
        </testcase>
        <testcase classname="src/pages/__tests__/Statistics.test.jsx" name="Statistics &gt; handles fetch error in fetchStatistics" time="0.2472219">
            <system-out>
Fetching statistics... http://localhost:3000/api

            </system-out>
            <system-err>
Fehler beim Laden der Statistiken: Error: Network error
    at C:/Users/Worms/Desktop/meinApp/bmi_app/frontend/src/pages/__tests__/Statistics.test.jsx:212:40
    at [90mfile:///C:/Users/Worms/Desktop/meinApp/bmi_app/frontend/[39mnode_modules/[4m@vitest/runner[24m/dist/index.js:145:11
    at [90mfile:///C:/Users/Worms/Desktop/meinApp/bmi_app/frontend/[39mnode_modules/[4m@vitest/runner[24m/dist/index.js:919:26
    at [90mfile:///C:/Users/Worms/Desktop/meinApp/bmi_app/frontend/[39mnode_modules/[4m@vitest/runner[24m/dist/index.js:1244:20
    at new Promise (&lt;anonymous&gt;)
    at runWithTimeout [90m(file:///C:/Users/Worms/Desktop/meinApp/bmi_app/frontend/[39mnode_modules/[4m@vitest/runner[24m/dist/index.js:1210:10[90m)[39m
    at [90mfile:///C:/Users/Worms/Desktop/meinApp/bmi_app/frontend/[39mnode_modules/[4m@vitest/runner[24m/dist/index.js:1654:37
    at Traces.$ [90m(file:///C:/Users/Worms/Desktop/meinApp/bmi_app/frontend/[39mnode_modules/[4mvitest[24m/dist/chunks/traces.U4xDYhzZ.js:115:27[90m)[39m
    at trace [90m(file:///C:/Users/Worms/Desktop/meinApp/bmi_app/frontend/[39mnode_modules/[4mvitest[24m/dist/chunks/test.DqQZzsWf.js:234:21[90m)[39m
    at runTest [90m(file:///C:/Users/Worms/Desktop/meinApp/bmi_app/frontend/[39mnode_modules/[4m@vitest/runner[24m/dist/index.js:1654:12[90m)[39m

            </system-err>
        </testcase>
    </testsuite>
</testsuites>
