<?xml version="1.0" encoding="UTF-8"?>
<testsuites name="Backend Tests" tests="77" failures="0" errors="0" time="20.609">
  <testsuite name="tests\performance.test.js" errors="0" failures="0" skipped="0" timestamp="2026-01-11T23:20:48" time="9.899" tests="18">
    <testcase classname="Performance Tests" name="POST /api/bmi antwortet in weniger als 1 Sekunde" time="0.027">
    </testcase>
    <testcase classname="Performance Tests" name="GET /api/history antwortet in weniger als 1 Sekunde" time="0.026">
    </testcase>
    <testcase classname="Performance Tests" name="GET /api/stats/summary antwortet in weniger als 1 Sekunde" time="0.025">
    </testcase>
    <testcase classname="Performance Tests" name="GET /api/stats/detailed antwortet in weniger als 1 Sekunde" time="0.02">
    </testcase>
    <testcase classname="Performance Tests" name="POST /api/auth/login antwortet in weniger als 1 Sekunde" time="0.284">
    </testcase>
    <testcase classname="Performance Tests" name="GET /api/auth/me antwortet in weniger als 500ms" time="0.005">
    </testcase>
    <testcase classname="Performance Tests" name="PUT /api/auth/profile antwortet in weniger als 1 Sekunde" time="0.015">
    </testcase>
    <testcase classname="Performance Tests" name="kann mehrere gleichzeitige Anfragen verarbeiten" time="0.05">
    </testcase>
    <testcase classname="Load Testing - Lasttests" name="Load test: POST /api/bmi mit 20 sequenziellen Anfragen" time="0.233">
    </testcase>
    <testcase classname="Load Testing - Lasttests" name="Load test: GET /api/stats/summary mit 20 parallelen Anfragen" time="0.217">
    </testcase>
    <testcase classname="Load Testing - Lasttests" name="Load test: GET /api/history mit verschiedenen Limits" time="0.079">
    </testcase>
    <testcase classname="Stress Testing - Stresstests" name="Stress test: Massenerstellung von BMI-Datensätzen" time="0.605">
    </testcase>
    <testcase classname="Stress Testing - Stresstests" name="Stress test: Gleichzeitige Anfragen auf /api/stats/summary" time="0.385">
    </testcase>
    <testcase classname="Scalability Testing - Skalierbarkeitstests" name="Skalierbarkeit: Leistung mit verschiedenen Datenvolumen" time="1.445">
    </testcase>
    <testcase classname="Scalability Testing - Skalierbarkeitstests" name="Skalierbarkeit: Leistung mit steigenden parallelen Anfragen" time="0.868">
    </testcase>
    <testcase classname="Performance Metrics - Leistungsmetriken" name="Metriken: Antwortzeit für alle Hauptrouten" time="0.331">
    </testcase>
    <testcase classname="Performance Metrics - Leistungsmetriken" name="Metriken: Durchsatz für POST /api/bmi" time="0.228">
    </testcase>
    <testcase classname="Performance Metrics - Leistungsmetriken" name="Metriken: Latenz p50, p95, p99 für GET /api/stats/summary" time="1.75">
    </testcase>
  </testsuite>
  <testsuite name="tests\stats.test.js" errors="0" failures="0" skipped="0" timestamp="2026-01-11T23:21:00" time="1.422" tests="13">
    <testcase classname="Statistics Routes" name="GET /api/stats/summary gibt die zusammengefassten Statistiken zurück" time="0.017">
    </testcase>
    <testcase classname="Statistics Routes" name="GET /api/stats/summary gibt Nullwerte zurück, wenn keine Einträge vorhanden sind" time="0.254">
    </testcase>
    <testcase classname="Statistics Routes" name="GET /api/stats/detailed gibt die detaillierten Statistiken zurück" time="0.016">
    </testcase>
    <testcase classname="Statistics Routes" name="POST /api/programs/start erstellt ein neues Programm" time="0.017">
    </testcase>
    <testcase classname="Statistics Routes" name="POST /api/programs/start gibt einen Fehler zurück, wenn Daten fehlen" time="0.013">
    </testcase>
    <testcase classname="Statistics Routes" name="GET /api/programs retourne les programmes de l&apos;utilisateur" time="0.02">
    </testcase>
    <testcase classname="Statistics Routes" name="GET /api/stats/detailed mit startDate filtert die Ergebnisse" time="0.011">
    </testcase>
    <testcase classname="Statistics Routes" name="GET /api/stats/detailed mit endDate filtert die Ergebnisse" time="0.01">
    </testcase>
    <testcase classname="Statistics Routes" name="GET /api/stats/detailed mit startDate und endDate filtert die Ergebnisse" time="0.01">
    </testcase>
    <testcase classname="Statistics Routes" name="POST /api/programs/start avec duration invalide" time="0.013">
    </testcase>
    <testcase classname="Statistics Routes" name="POST /api/programs/start sans description" time="0.009">
    </testcase>
    <testcase classname="Statistics Routes" name="GET /api/history retourne l&apos;historique avec limite" time="0.01">
    </testcase>
    <testcase classname="Statistics Routes" name="GET /api/history retourne tout l&apos;historique" time="0.015">
    </testcase>
  </testsuite>
  <testsuite name="tests\security.test.js" errors="0" failures="0" skipped="0" timestamp="2026-01-11T23:21:01" time="2.243" tests="14">
    <testcase classname="Security Tests › JWT Token Validation" name="lehnt eine Anfrage ohne Token ab" time="0.01">
    </testcase>
    <testcase classname="Security Tests › JWT Token Validation" name="lehnt einen ungültigen Token ab" time="0.011">
    </testcase>
    <testcase classname="Security Tests › JWT Token Validation" name="lehnt einen fehlerhaften Token ab" time="0.005">
    </testcase>
    <testcase classname="Security Tests › JWT Token Validation" name="lehnt einen abgelaufenen Token ab" time="0.011">
    </testcase>
    <testcase classname="Security Tests › JWT Token Validation" name="lehnt einen Token mit falschem Secret ab" time="0.005">
    </testcase>
    <testcase classname="Security Tests › JWT Token Validation" name="accepte un token valide" time="0.014">
    </testcase>
    <testcase classname="Security Tests › SQL Injection Protection" name="schützt vor SQL-Injection in der E-Mail" time="0.009">
    </testcase>
    <testcase classname="Security Tests › SQL Injection Protection" name="schützt vor SQL-Injection im Namen" time="0.017">
    </testcase>
    <testcase classname="Security Tests › SQL Injection Protection" name="schützt vor SQL-Injection in den Anfrageparametern" time="0.008">
    </testcase>
    <testcase classname="Security Tests › Authorization Tests" name="verhindert, dass ein Benutzer auf Daten eines anderen Benutzers zugreift" time="0.288">
    </testcase>
    <testcase classname="Security Tests › Authorization Tests" name="verhindert, dass ein Benutzer Daten eines anderen Benutzers löscht" time="0.358">
    </testcase>
    <testcase classname="Security Tests › Password Security" name="Passwörter sind gehasht (werden nicht im Klartext gespeichert)" time="0.231">
    </testcase>
    <testcase classname="Security Tests › Password Security" name="lehnt die Anmeldung mit falschem Passwort ab" time="0.267">
    </testcase>
    <testcase classname="Security Tests › Input Sanitization" name="bereinigt potenzielle XSS-Eingaben im Namen" time="0.007">
    </testcase>
  </testsuite>
  <testsuite name="tests\validation.test.js" errors="0" failures="0" skipped="0" timestamp="2026-01-11T23:21:04" time="0.996" tests="16">
    <testcase classname="Validation Tests › Email Validation" name="lehnt eine ungültige E-Mail bei der Registrierung ab" time="0.01">
    </testcase>
    <testcase classname="Validation Tests › Email Validation" name="lehnt eine leere E-Mail bei der Registrierung ab" time="0.007">
    </testcase>
    <testcase classname="Validation Tests › Email Validation" name="lehnt eine ungültige E-Mail bei der Anmeldung ab" time="0.009">
    </testcase>
    <testcase classname="Validation Tests › Password Validation" name="lehnt ein zu kurzes Passwort ab" time="0.007">
    </testcase>
    <testcase classname="Validation Tests › Password Validation" name="lehnt ein leeres Passwort ab" time="0.005">
    </testcase>
    <testcase classname="Validation Tests › BMI Input Validation" name="lehnt ein negatives Gewicht ab" time="0.01">
    </testcase>
    <testcase classname="Validation Tests › BMI Input Validation" name="lehnt ein Gewicht von null ab" time="0.007">
    </testcase>
    <testcase classname="Validation Tests › BMI Input Validation" name="lehnt eine negative Größe ab" time="0.009">
    </testcase>
    <testcase classname="Validation Tests › BMI Input Validation" name="lehnt eine Größe von null ab" time="0.015">
    </testcase>
    <testcase classname="Validation Tests › BMI Input Validation" name="lehnt eine zu große Größe ab (realistische Grenze)" time="0.005">
    </testcase>
    <testcase classname="Validation Tests › BMI Input Validation" name="lehnt ein zu hohes Gewicht ab (realistische Grenze)" time="0.011">
    </testcase>
    <testcase classname="Validation Tests › BMI Input Validation" name="lehnt fehlende Werte ab" time="0.005">
    </testcase>
    <testcase classname="Validation Tests › Name Validation" name="lehnt einen leeren Namen bei der Registrierung ab" time="0.01">
    </testcase>
    <testcase classname="Validation Tests › Name Validation" name="lehnt einen fehlenden Namen bei der Registrierung ab" time="0.004">
    </testcase>
    <testcase classname="Validation Tests › Profile Validation" name="lehnt eine ungültige E-Mail bei der Profilaktualisierung ab" time="0.013">
    </testcase>
    <testcase classname="Validation Tests › Profile Validation" name="lehnt eine negative Größe im Profil ab" time="0.013">
    </testcase>
  </testsuite>
  <testsuite name="tests\auth.test.js" errors="0" failures="0" skipped="0" timestamp="2026-01-11T23:21:05" time="1.854" tests="6">
    <testcase classname="Authentication Routes" name="POST /api/auth/register erstellt einen neuen Benutzer" time="0.185">
    </testcase>
    <testcase classname="Authentication Routes" name="POST /api/auth/register lehnt eine bereits verwendete E-Mail ab" time="0.151">
    </testcase>
    <testcase classname="Authentication Routes" name="POST /api/auth/login meldet einen gültigen Benutzer an" time="0.255">
    </testcase>
    <testcase classname="Authentication Routes" name="POST /api/auth/login lehnt ein falsches Passwort ab" time="0.256">
    </testcase>
    <testcase classname="Authentication Routes" name="GET /api/auth/me retourne les informations de l&apos;utilisateur" time="0.139">
    </testcase>
    <testcase classname="Authentication Routes" name="PUT /api/auth/profile aktualisiert das Benutzerprofil" time="0.151">
    </testcase>
  </testsuite>
  <testsuite name="tests\bmi.test.js" errors="0" failures="0" skipped="0" timestamp="2026-01-11T23:21:07" time="1.124" tests="4">
    <testcase classname="" name="POST /api/bmi erstellt neuen Datensatz" time="0.021">
    </testcase>
    <testcase classname="" name="GET /api/history gibt Liste der letzten Berechnungen zurück" time="0.009">
    </testcase>
    <testcase classname="" name="PUT /api/bmi/:id aktualisiert einen Datensatz" time="0.024">
    </testcase>
    <testcase classname="" name="DELETE /api/bmi/:id löscht einen Datensatz" time="0.024">
    </testcase>
  </testsuite>
  <testsuite name="tests\calculateBMI.test.js" errors="0" failures="0" skipped="0" timestamp="2026-01-11T23:21:08" time="0.279" tests="6">
    <testcase classname="calculateBMI" name="berechnet korrekt den BMI und Status für Normalgewicht" time="0.006">
    </testcase>
    <testcase classname="calculateBMI" name="gibt &apos;Untergewicht&apos; zurück, wenn BMI unter 18.5 liegt" time="0">
    </testcase>
    <testcase classname="calculateBMI" name="gibt &apos;Übergewicht&apos; zurück, wenn BMI über 25 liegt" time="0.001">
    </testcase>
    <testcase classname="calculateBMI" name="gibt &apos;Adipositas&apos; zurück, wenn BMI über 30 liegt" time="0.001">
    </testcase>
    <testcase classname="calculateBMI" name="gibt &apos;starkes Untergewicht&apos; zurück, wenn BMI unter 16 liegt" time="0.001">
    </testcase>
    <testcase classname="calculateBMI" name="wirft Fehler bei ungültigen Eingaben" time="0.019">
    </testcase>
  </testsuite>
</testsuites>